// Vitest Snapshot v1, https://vitest.dev/guide/snapshot.html

exports[`NavigationDrawer > renders correctly 1`] = `
<div
  class="v-application v-theme--light v-layout v-layout--full-height v-locale--is-ltr"
  location="right"
  modelvalue="false"
>
  <div
    class="v-application__wrap"
  >
    
    
    <nav
      class="v-navigation-drawer v-navigation-drawer--right v-navigation-drawer--temporary v-theme--light v-navigation-drawer--mobile"
      style="right: 0px; z-index: 1004; transform: translateX(110%); position: fixed; transition: none !important; height: calc(100% - 0px - 0px); top: 0px; bottom: 0px; width: 400px;"
    >
      <!---->
      <!---->
      <div
        class="v-navigation-drawer__content"
      >
        
        
        
        
      </div>
      <!---->
    </nav>
    <transition-stub
      appear="false"
      css="true"
      name="fade-transition"
      persisted="false"
    >
      <!---->
    </transition-stub>
    
    
  </div>
</div>
`;
