// Vitest Snapshot v1, https://vitest.dev/guide/snapshot.html

exports[`ListElement > renders correctly 1`] = `
<div
  class="v-card v-theme--light v-card--density-default v-card--variant-elevated mx-auto"
  data-v-e7d277f5=""
  style="width: 400px;"
>
  <!---->
  <div
    class="v-card__loader"
  >
    <div
      aria-hidden="true"
      aria-valuemax="100"
      aria-valuemin="0"
      class="v-progress-linear v-theme--light v-locale--is-ltr"
      role="progressbar"
      style="top: 0px; height: 0px; --v-progress-linear-height: 2px;"
    >
      <!---->
      <div
        class="v-progress-linear__background"
        style="width: 100%;"
      />
      <transition-stub
        appear="false"
        css="true"
        name="fade-transition"
        persisted="false"
      >
        <div
          class="v-progress-linear__indeterminate"
        >
          
          <div
            class="v-progress-linear__indeterminate long"
          />
          <div
            class="v-progress-linear__indeterminate short"
          />
          
        </div>
      </transition-stub>
      <!---->
    </div>
  </div>
  <!---->
  <!---->
  
  <div
    class="v-list v-theme--light v-list--density-compact v-list--one-line"
    data-v-e7d277f5=""
    role="listbox"
    tabindex="0"
  >
    
    
    <div
      class="v-list-item v-list-item--link v-theme--light v-list-item--density-compact v-list-item--one-line rounded-0 v-list-item--variant-plain custom-list-item"
      data-v-e7d277f5=""
      tabindex="-2"
    >
      
      <span
        class="v-list-item__overlay"
      />
      <span
        class="v-list-item__underlay"
      />
      
      <!---->
      <div
        class="v-list-item__content"
        data-no-activator=""
      >
        <!---->
        <!---->
        
        <div
          class="v-list-item-title"
          data-v-e7d277f5=""
        >
          Item 1
        </div>
        <!--v-if-->
        
      </div>
      <div
        class="v-list-item__append"
      >
        
        
        <button
          class="v-btn v-btn--elevated v-btn--icon v-theme--light v-btn--density-default v-btn--size-default v-btn--variant-elevated"
          data-v-e7d277f5=""
          type="button"
        >
          
          <span
            class="v-btn__overlay"
          />
          <span
            class="v-btn__underlay"
          />
          
          <!---->
          <span
            class="v-btn__content"
            data-no-activator=""
          >
            <i
              aria-hidden="true"
              class="mdi-menu mdi v-icon notranslate v-theme--light v-icon--size-default"
            />
          </span>
          <!---->
          <!---->
        </button>
        
        
        <div
          class="v-list-item__spacer"
        />
      </div>
    </div>
    <div
      class="v-list-item v-list-item--link v-theme--light v-list-item--density-compact v-list-item--one-line rounded-0 v-list-item--variant-plain custom-list-item full-width"
      data-v-e7d277f5=""
      tabindex="-2"
    >
      
      <span
        class="v-list-item__overlay"
      />
      <span
        class="v-list-item__underlay"
      />
      
      <!---->
      <div
        class="v-list-item__content"
        data-no-activator=""
      >
        <!---->
        <!---->
        
        <div
          class="v-list-item-title"
          data-v-e7d277f5=""
        >
          Item 2
        </div>
        <!--v-if-->
        
      </div>
      <div
        class="v-list-item__append"
      >
        
        
        <i
          aria-hidden="true"
          class="mdi-menu mdi v-icon notranslate v-theme--light v-icon--size-default"
          data-v-e7d277f5=""
        />
        
        
        <div
          class="v-list-item__spacer"
        />
      </div>
    </div>
    
    
  </div>
  
  <!---->
  
  <!---->
  <span
    class="v-card__underlay"
  />
  
</div>
`;
