// Vitest Snapshot v1, https://vitest.dev/guide/snapshot.html

exports[`LogoImage > renders Logo 1`] = `
<div
  class="v-responsive v-img v-img--booting w-100 logo-medium"
  data-v-f6be2607=""
>
  <div
    class="v-responsive__sizer"
  />
  
  
  <transition-stub
    appear="true"
    css="true"
    name="fade-transition"
    persisted="false"
  >
    <img
      class="v-img__img v-img__img--contain"
      src="/src/assets/dreammall-logo.svg"
      style="display: none;"
    />
  </transition-stub>
  <transition-stub
    appear="false"
    css="true"
    name="fade-transition"
    persisted="false"
  >
    <!---->
  </transition-stub>
  <!---->
  <!---->
  <!---->
  
  
  <!---->
</div>
`;
