// Vitest Snapshot v1, https://vitest.dev/guide/snapshot.html

exports[`TopMenu > renders 1`] = `
<div
  class="v-application v-theme--light v-layout v-layout--full-height v-locale--is-ltr"
>
  <div
    class="v-application__wrap"
  >
    
    <header
      class="v-toolbar v-toolbar--flat v-toolbar--density-default v-theme--light v-locale--is-ltr v-app-bar"
      style="top: 0px; z-index: 1004; transform: translateY(0%); position: fixed; transition: none !important; left: 0px; width: calc(100% - 0px - 0px);"
    >
      <!---->
      
      <div
        class="v-toolbar__content"
        style="height: 64px;"
      >
        <!---->
        <!---->
        
        <div
          class="v-row"
        >
          <div
            class="v-col"
          >
            <!--v-if-->
          </div>
        </div>
        
        <!---->
      </div>
      
      
      <transition-stub
        appear="false"
        css="true"
        name="expand-transition"
        persisted="false"
      >
        <!---->
      </transition-stub>
      
    </header>
    
  </div>
</div>
`;
