// Vitest Snapshot v1, https://vitest.dev/guide/snapshot.html

exports[`UserInfo > renders 1`] = `
<div
  class="v-application v-theme--light v-layout v-layout--full-height v-locale--is-ltr"
>
  <div
    class="v-application__wrap"
  >
    
    
    
    <button
      aria-expanded="false"
      aria-haspopup="menu"
      aria-owns="v-menu-0"
      class="user-info rounded-pill d-flex flex-row text-icon border-sm align-center justify-center"
      data-v-607bdd70=""
      targetref="[object Object]"
    >
      <div
        class="v-avatar v-theme--light v-avatar--density-default v-avatar--variant-flat avatar d-flex align-center text-font border-sm bg-primary"
        data-v-607bdd70=""
        style="width: 44px; height: 44px;"
      >
        
        
        <span
          data-v-607bdd70=""
        />
        
        
        
        <!---->
        <span
          class="v-avatar__underlay"
        />
        
      </div>
      <div
        class="d-flex flex-column justify-center text-right pa-3 pl-4 w-100"
        data-v-607bdd70=""
      >
        <i
          aria-hidden="true"
          class="v-icon notranslate v-theme--light v-icon--size-default"
          data-test="user-dropdown"
          data-v-607bdd70=""
        >
          <svg
            fill="none"
            height="4"
            viewBox="0 0 18 4"
            width="18"
            xmlns="http://www.w3.org/2000/svg"
          >
            <path
              clip-rule="evenodd"
              d="M2 0C3.10457 0 4 0.895431 4 2C4 3.10457 3.10457 4 2 4C0.895431 4 0 3.10457 0 2C0 0.895431 0.895431 0 2 0ZM9 0C10.1046 0 11 0.895431 11 2C11 3.10457 10.1046 4 9 4C7.89543 4 7 3.10457 7 2C7 0.895431 7.89543 0 9 0ZM18 2C18 0.895431 17.1046 0 16 0C14.8954 0 14 0.895431 14 2C14 3.10457 14.8954 4 16 4C17.1046 4 18 3.10457 18 2Z"
              fill="currentColor"
              fill-rule="evenodd"
            />
          </svg>
        </i>
      </div>
    </button>
    
    <!---->
    
    
  </div>
</div>
`;
