// Vitest Snapshot v1, https://vitest.dev/guide/snapshot.html

exports[`CreateButton > renders 1`] = `
<div
  class="create-button-container"
  data-v-dc035224=""
>
  <div
    data-v-dc035224=""
  >
    <div
      class="v-container v-locale--is-ltr"
      data-v-dc035224=""
    >
      <div
        class="button-wrapper"
        data-v-dc035224=""
      >
        <svg
          data-v-dc035224=""
          fill="none"
          height="212"
          viewBox="0 0 214 212"
          width="214"
          xmlns="http://www.w3.org/2000/svg"
        >
          <g
            clip-path="url(#clip0_1513_6616)"
            data-v-dc035224=""
            id="create-button"
          >
            <rect
              data-v-dc035224=""
              fill="transparent"
              height="100%"
              width="100%"
            />
            <path
              d="M102.772 92.0176H107C112.877 92.0176 117.727 96.7568 117.727 102.5C117.727 108.244 112.877 112.982 107 112.982H102.771H96.2733H92.5162H88.7581H85V124H107C119.101 124 129 114.325 129 102.5C129 90.6747 119.101 81 107 81H85V97.1057V99.3626H88.7581H92.5162H96.2743H100.032H103.79H107C108.728 99.3626 110.21 100.811 110.21 102.5C110.21 104.189 108.728 105.637 107 105.637H103.79H85V109.31H100.032H107C110.803 109.31 113.969 106.217 113.969 102.5C113.969 98.7839 110.803 95.6901 107 95.6901H100.031H96.2733H92.5162H88.7581V84.6725H92.5162H107C117.026 84.6725 125.243 92.7027 125.243 102.5C125.243 112.298 117.027 120.327 107 120.327H88.7581V116.655H92.5162H102.772H107C114.951 116.655 121.485 110.271 121.485 102.5C121.485 94.7297 114.951 88.346 107 88.346H102.771H93.617V92.0176H102.772Z"
              data-v-dc035224=""
              fill="url(#paint0_linear_1513_6616)"
            />
            <path
              d="M89.537 99H101.921H103V96.0007H101.921L94.0749 96H89.537H85V99H89.537Z"
              data-v-dc035224=""
              fill="url(#paint1_linear_1513_6616)"
              opacity="0.75"
            />
            <path
              d="M89.6397 116.88H102.304H103.407V113.001H102.304L94.2803 113H89.6397H85V116.88H89.6397Z"
              data-v-dc035224=""
              fill="url(#paint2_linear_1513_6616)"
              opacity="0.75"
            />
          </g>
          <g
            data-v-dc035224=""
            filter="url(#filter0_i_1513_6616)"
            opacity="0.25"
          >
            <path
              d="M103 182.364C58.7808 182.364 23 146.653 23 102.682C23 58.7111 58.7808 23 103 23C147.219 23 183 58.7111 183 102.682C183 146.653 147.219 182.364 103 182.364Z"
              data-v-dc035224=""
              stroke="url(#paint3_linear_1513_6616)"
              stroke-width="22"
            />
          </g>
          <g
            data-v-dc035224=""
            filter="url(#filter1_i_1513_6616)"
          >
            <circle
              cx="103.318"
              cy="102.682"
              data-v-dc035224=""
              r="61.5"
              stroke="url(#paint4_linear_1513_6616)"
              stroke-opacity="0.5"
              stroke-width="24"
              transform="rotate(90 103.318 102.682)"
            />
          </g>
          <g
            data-v-dc035224=""
            filter="url(#filter2_i_1513_6616)"
          >
            <circle
              cx="103.136"
              cy="102.791"
              data-v-dc035224=""
              r="49.9955"
              stroke="url(#paint5_linear_1513_6616)"
              stroke-width="20"
              transform="rotate(90 103.136 102.791)"
            />
          </g>
          <g
            data-v-dc035224=""
            filter="url(#filter3_f_1513_6616)"
            opacity="0.25"
          >
            <ellipse
              cx="103"
              cy="102.5"
              data-v-dc035224=""
              rx="90.5"
              ry="91"
              stroke="#2CA5B1"
              stroke-width="4"
              transform="rotate(90 103 102.5)"
            />
          </g>
          <g
            class="button-wave"
            data-v-dc035224=""
            filter="url(#filter0_f_1513_6933)"
            opacity="0.25"
          >
            <ellipse
              cx="92"
              cy="91"
              data-v-dc035224=""
              rx="95"
              ry="95"
              stroke="#2CA5B1"
              stroke-width="4"
              transform="matrix(-4.37114e-08 1 1 4.37114e-08 12 12)"
            />
          </g>
          <defs
            data-v-dc035224=""
          >
            <filter
              color-interpolation-filters="sRGB"
              data-v-dc035224=""
              filterUnits="userSpaceOnUse"
              height="183.364"
              id="filter0_i_1513_6616"
              width="182"
              x="12"
              y="12"
            >
              <feflood
                data-v-dc035224=""
                flood-opacity="0"
                result="BackgroundImageFix"
              />
              <feblend
                data-v-dc035224=""
                in="SourceGraphic"
                in2="BackgroundImageFix"
                mode="normal"
                result="shape"
              />
              <fecolormatrix
                data-v-dc035224=""
                in="SourceAlpha"
                result="hardAlpha"
                type="matrix"
                values="0 0 0 0 0 0 0 0 0 0 0 0 0 0 0 0 0 0 127 0"
              />
              <feoffset
                data-v-dc035224=""
                dy="2"
              />
              <fegaussianblur
                data-v-dc035224=""
                stdDeviation="2.5"
              />
              <fecomposite
                data-v-dc035224=""
                in2="hardAlpha"
                k2="-1"
                k3="1"
                operator="arithmetic"
              />
              <fecolormatrix
                data-v-dc035224=""
                type="matrix"
                values="0 0 0 0 0 0 0 0 0 0 0 0 0 0 0 0 0 0 0.25 0"
              />
              <feblend
                data-v-dc035224=""
                in2="shape"
                mode="normal"
                result="effect1_innerShadow_1513_6616"
              />
            </filter>
            <filter
              color-interpolation-filters="sRGB"
              data-v-dc035224=""
              filterUnits="userSpaceOnUse"
              height="212"
              id="filter0_f_1513_6933"
              width="214"
              x="0"
              y="0"
            >
              <feflood
                data-v-dc035224=""
                flood-opacity="0"
                result="BackgroundImageFix"
              />
              <feblend
                data-v-dc035224=""
                in="SourceGraphic"
                in2="BackgroundImageFix"
                mode="normal"
                result="shape"
              />
              <fegaussianblur
                data-v-dc035224=""
                result="effect1_foregroundBlur_1513_6933"
                stdDeviation="5"
              />
            </filter>
            <filter
              color-interpolation-filters="sRGB"
              data-v-dc035224=""
              filterUnits="userSpaceOnUse"
              height="149"
              id="filter1_i_1513_6616"
              width="147"
              x="29.8184"
              y="29.1816"
            >
              <feflood
                data-v-dc035224=""
                flood-opacity="0"
                result="BackgroundImageFix"
              />
              <feblend
                data-v-dc035224=""
                in="SourceGraphic"
                in2="BackgroundImageFix"
                mode="normal"
                result="shape"
              />
              <fecolormatrix
                data-v-dc035224=""
                in="SourceAlpha"
                result="hardAlpha"
                type="matrix"
                values="0 0 0 0 0 0 0 0 0 0 0 0 0 0 0 0 0 0 127 0"
              />
              <feoffset
                data-v-dc035224=""
                dy="2"
              />
              <fegaussianblur
                data-v-dc035224=""
                stdDeviation="2.5"
              />
              <fecomposite
                data-v-dc035224=""
                in2="hardAlpha"
                k2="-1"
                k3="1"
                operator="arithmetic"
              />
              <fecolormatrix
                data-v-dc035224=""
                type="matrix"
                values="0 0 0 0 0 0 0 0 0 0 0 0 0 0 0 0 0 0 0.25 0"
              />
              <feblend
                data-v-dc035224=""
                in2="shape"
                mode="normal"
                result="effect1_innerShadow_1513_6616"
              />
            </filter>
            <filter
              color-interpolation-filters="sRGB"
              data-v-dc035224=""
              filterUnits="userSpaceOnUse"
              height="121.991"
              id="filter2_i_1513_6616"
              width="119.991"
              x="43.1406"
              y="42.7959"
            >
              <feflood
                data-v-dc035224=""
                flood-opacity="0"
                result="BackgroundImageFix"
              />
              <feblend
                data-v-dc035224=""
                in="SourceGraphic"
                in2="BackgroundImageFix"
                mode="normal"
                result="shape"
              />
              <fecolormatrix
                data-v-dc035224=""
                in="SourceAlpha"
                result="hardAlpha"
                type="matrix"
                values="0 0 0 0 0 0 0 0 0 0 0 0 0 0 0 0 0 0 127 0"
              />
              <feoffset
                data-v-dc035224=""
                dy="2"
              />
              <fegaussianblur
                data-v-dc035224=""
                stdDeviation="2.5"
              />
              <fecomposite
                data-v-dc035224=""
                in2="hardAlpha"
                k2="-1"
                k3="1"
                operator="arithmetic"
              />
              <fecolormatrix
                data-v-dc035224=""
                type="matrix"
                values="0 0 0 0 0 0 0 0 0 0 0 0 0 0 0 0 0 0 0.25 0"
              />
              <feblend
                data-v-dc035224=""
                in2="shape"
                mode="normal"
                result="effect1_innerShadow_1513_6616"
              />
            </filter>
            <filter
              color-interpolation-filters="sRGB"
              data-v-dc035224=""
              filterUnits="userSpaceOnUse"
              height="205"
              id="filter3_f_1513_6616"
              width="206"
              x="0"
              y="0"
            >
              <feflood
                data-v-dc035224=""
                flood-opacity="0"
                result="BackgroundImageFix"
              />
              <feblend
                data-v-dc035224=""
                in="SourceGraphic"
                in2="BackgroundImageFix"
                mode="normal"
                result="shape"
              />
              <fegaussianblur
                data-v-dc035224=""
                result="effect1_foregroundBlur_1513_6616"
                stdDeviation="5"
              />
            </filter>
            <lineargradient
              data-v-dc035224=""
              gradientUnits="userSpaceOnUse"
              id="paint0_linear_1513_6616"
              x1="117.448"
              x2="87.1548"
              y1="128.071"
              y2="74.3785"
            >
              <stop
                data-v-dc035224=""
                offset="0.1721"
                stop-color="#2CA5B1"
              />
              <stop
                data-v-dc035224=""
                offset="0.804"
                stop-color="#F09630"
              />
            </lineargradient>
            <lineargradient
              data-v-dc035224=""
              gradientUnits="userSpaceOnUse"
              id="paint1_linear_1513_6616"
              x1="103"
              x2="84.9996"
              y1="97.5001"
              y2="97.5001"
            >
              <stop
                data-v-dc035224=""
                stop-color="white"
                stop-opacity="0"
              />
              <stop
                data-v-dc035224=""
                offset="0.0405"
                stop-color="#EEEFF0"
                stop-opacity="0.0405"
              />
              <stop
                data-v-dc035224=""
                offset="0.1632"
                stop-color="#BFC3C7"
                stop-opacity="0.1632"
              />
              <stop
                data-v-dc035224=""
                offset="0.29"
                stop-color="#979DA3"
                stop-opacity="0.29"
              />
              <stop
                data-v-dc035224=""
                offset="0.4195"
                stop-color="#777E86"
                stop-opacity="0.4195"
              />
              <stop
                data-v-dc035224=""
                offset="0.5522"
                stop-color="#5D6670"
                stop-opacity="0.5522"
              />
              <stop
                data-v-dc035224=""
                offset="0.6896"
                stop-color="#4B5460"
                stop-opacity="0.6896"
              />
              <stop
                data-v-dc035224=""
                offset="0.8346"
                stop-color="#404A56"
                stop-opacity="0.8346"
              />
              <stop
                data-v-dc035224=""
                offset="1"
                stop-color="#3D4753"
              />
            </lineargradient>
            <lineargradient
              data-v-dc035224=""
              gradientUnits="userSpaceOnUse"
              id="paint2_linear_1513_6616"
              x1="103.407"
              x2="84.9995"
              y1="114.94"
              y2="114.94"
            >
              <stop
                data-v-dc035224=""
                stop-color="white"
                stop-opacity="0"
              />
              <stop
                data-v-dc035224=""
                offset="0.0405"
                stop-color="#EEEFF0"
                stop-opacity="0.0405"
              />
              <stop
                data-v-dc035224=""
                offset="0.1632"
                stop-color="#BFC3C7"
                stop-opacity="0.1632"
              />
              <stop
                data-v-dc035224=""
                offset="0.29"
                stop-color="#979DA3"
                stop-opacity="0.29"
              />
              <stop
                data-v-dc035224=""
                offset="0.4195"
                stop-color="#777E86"
                stop-opacity="0.4195"
              />
              <stop
                data-v-dc035224=""
                offset="0.5522"
                stop-color="#5D6670"
                stop-opacity="0.5522"
              />
              <stop
                data-v-dc035224=""
                offset="0.6896"
                stop-color="#4B5460"
                stop-opacity="0.6896"
              />
              <stop
                data-v-dc035224=""
                offset="0.8346"
                stop-color="#404A56"
                stop-opacity="0.8346"
              />
              <stop
                data-v-dc035224=""
                offset="1"
                stop-color="#3D4753"
              />
            </lineargradient>
            <lineargradient
              data-v-dc035224=""
              gradientUnits="userSpaceOnUse"
              id="paint3_linear_1513_6616"
              x1="210.763"
              x2="4.3952"
              y1="35.5654"
              y2="180.62"
            >
              <stop
                data-v-dc035224=""
                offset="0.0149795"
                stop-color="#2CA5B1"
              />
              <stop
                data-v-dc035224=""
                offset="1"
                stop-color="#999999"
              />
            </lineargradient>
            <lineargradient
              data-v-dc035224=""
              gradientUnits="userSpaceOnUse"
              id="paint4_linear_1513_6616"
              x1="48.9187"
              x2="165.938"
              y1="15.6422"
              y2="182.71"
            >
              <stop
                data-v-dc035224=""
                offset="0.0149795"
                stop-color="#2CA5B1"
              />
              <stop
                data-v-dc035224=""
                offset="1"
                stop-color="#999999"
              />
            </lineargradient>
            <lineargradient
              data-v-dc035224=""
              gradientUnits="userSpaceOnUse"
              id="paint5_linear_1513_6616"
              x1="58.7317"
              x2="154.251"
              y1="31.7441"
              y2="168.116"
            >
              <stop
                data-v-dc035224=""
                offset="0.0149795"
                stop-color="#2CA5B1"
              />
              <stop
                data-v-dc035224=""
                offset="1"
                stop-color="#999999"
              />
            </lineargradient>
            <clippath
              data-v-dc035224=""
              id="clip0_1513_6616"
            >
              <rect
                data-v-dc035224=""
                fill="white"
                height="48"
                transform="translate(81 78)"
                width="48"
              />
            </clippath>
          </defs>
        </svg>
        <transition-group-stub
          appear="false"
          class="button-list"
          css="true"
          data-v-dc035224=""
          name="fade"
          persisted="false"
          tag="div"
        >
          <!--v-if-->
          <!--v-if-->
          <!--v-if-->
        </transition-group-stub>
      </div>
    </div>
  </div>
</div>
`;
