// Vitest Snapshot v1, https://vitest.dev/guide/snapshot.html

exports[`CreateButton > renders 1`] = `
<div
  class="dream-mall-button-container"
  data-v-dc035224=""
>
  <div
    data-v-dc035224=""
  >
    <div
      class="v-container v-container--fluid v-locale--is-ltr pa-0"
      data-v-dc035224=""
    >
      <div
        class="button-wrapper"
        data-v-dc035224=""
      >
        <svg
          data-v-dc035224=""
          fill="none"
          height="1719"
          viewBox="0 0 1731 1719"
          width="1731"
          xmlns="http://www.w3.org/2000/svg"
        >
          <g
            data-v-dc035224=""
            filter="url(#filter0_i_1513_6640)"
            opacity="0.25"
          >
            <path
              d="M866 938.727C821.781 938.727 786 903.016 786 859.046C786 815.075 821.781 779.364 866 779.364C910.219 779.364 946 815.075 946 859.046C946 903.016 910.219 938.727 866 938.727Z"
              data-v-dc035224=""
              stroke="url(#paint0_linear_1513_6640)"
              stroke-width="22"
            />
          </g>
          <g
            data-v-dc035224=""
            filter="url(#filter1_i_1513_6640)"
          >
            <circle
              cx="866.318"
              cy="859.045"
              data-v-dc035224=""
              r="61.5"
              stroke="url(#paint1_linear_1513_6640)"
              stroke-opacity="0.5"
              stroke-width="24"
              transform="rotate(90 866.318 859.045)"
            />
          </g>
          <g
            data-v-dc035224=""
            filter="url(#filter2_i_1513_6640)"
          >
            <circle
              cx="866.136"
              cy="859.155"
              data-v-dc035224=""
              fill="#EEEFF0"
              fill-opacity="0.0405"
              r="59.9955"
              transform="rotate(90 866.136 859.155)"
            />
          </g>
          <circle
            cx="866.136"
            cy="859.155"
            data-v-dc035224=""
            r="49.9955"
            stroke="url(#paint2_linear_1513_6640)"
            stroke-width="20"
            transform="rotate(90 866.136 859.155)"
          />
          <g
            class="warp-ring button-warp-on"
            data-v-dc035224=""
            filter="url(#filter3_df_1513_6640)"
            opacity="0.25"
            style="transform: scale(0);"
          >
            <ellipse
              cx="759"
              cy="768"
              data-v-dc035224=""
              rx="759"
              ry="768"
              shape-rendering="crispEdges"
              stroke="#2CA5B1"
              stroke-opacity="0.3"
              stroke-width="90"
              transform="matrix(-4.37114e-08 1 1 4.37114e-08 98 100.364)"
            />
          </g>
          <g
            class="button-wave"
            data-v-dc035224=""
            filter="url(#filter0_f_1513_6933)"
            opacity="0.25"
          >
            <ellipse
              cx="759"
              cy="768"
              data-v-dc035224=""
              rx="95"
              ry="95"
              stroke="#2CA5B1"
              stroke-width="4"
              transform="matrix(-4.37114e-08 1 1 4.37114e-08 98 100.364)"
            />
          </g>
          <g
            clip-path="url(#clip0_1513_6640)"
            data-v-dc035224=""
            id="dream-mall-button"
          >
            <rect
              data-v-dc035224=""
              fill="transparent"
              height="100%"
              width="100%"
            />
            <path
              d="M865.772 848.381H870C875.877 848.381 880.727 853.121 880.727 858.864C880.727 864.608 875.877 869.346 870 869.346H865.771H859.273H855.516H851.758H848V880.364H870C882.101 880.364 892 870.689 892 858.864C892 847.038 882.101 837.364 870 837.364H848V853.469V855.726H851.758H855.516H859.274H863.032H866.79H870C871.728 855.726 873.21 857.175 873.21 858.864C873.21 860.553 871.728 862.001 870 862.001H866.79H848V865.674H863.032H870C873.803 865.674 876.969 862.581 876.969 858.864C876.969 855.148 873.803 852.054 870 852.054H863.031H859.273H855.516H851.758V841.036H855.516H870C880.026 841.036 888.243 849.066 888.243 858.864C888.243 868.662 880.027 876.691 870 876.691H851.758V873.019H855.516H865.772H870C877.951 873.019 884.485 866.635 884.485 858.864C884.485 851.093 877.951 844.71 870 844.71H865.771H856.617V848.381H865.772Z"
              data-v-dc035224=""
              fill="url(#paint3_linear_1513_6640)"
            />
            <path
              d="M856.537 855.364H868.921H870V852.365H868.921L861.075 852.364H856.537H852V855.364H856.537Z"
              data-v-dc035224=""
              fill="url(#paint4_linear_1513_6640)"
              opacity="0.75"
            />
            <path
              d="M856.64 873.244H869.304H870.407V869.365H869.304L861.28 869.364H856.64H852V873.244H856.64Z"
              data-v-dc035224=""
              fill="url(#paint5_linear_1513_6640)"
              opacity="0.75"
            />
          </g>
          <defs
            data-v-dc035224=""
          >
            <filter
              color-interpolation-filters="sRGB"
              data-v-dc035224=""
              filterUnits="userSpaceOnUse"
              height="1719"
              id="filter0_f_1513_6933"
              width="1731"
              x="0"
              y="0"
            >
              <feflood
                data-v-dc035224=""
                flood-opacity="0"
                result="BackgroundImageFix"
              />
              <feblend
                data-v-dc035224=""
                in="SourceGraphic"
                in2="BackgroundImageFix"
                mode="normal"
                result="shape"
              />
              <fegaussianblur
                data-v-dc035224=""
                result="effect1_foregroundBlur_1513_6933"
                stdDeviation="5"
              />
            </filter>
            <filter
              color-interpolation-filters="sRGB"
              data-v-dc035224=""
              filterUnits="userSpaceOnUse"
              height="183.364"
              id="filter0_i_1513_6640"
              width="182"
              x="775"
              y="768.364"
            >
              <feflood
                data-v-dc035224=""
                flood-opacity="0"
                result="BackgroundImageFix"
              />
              <feblend
                data-v-dc035224=""
                in="SourceGraphic"
                in2="BackgroundImageFix"
                mode="normal"
                result="shape"
              />
              <fecolormatrix
                data-v-dc035224=""
                in="SourceAlpha"
                result="hardAlpha"
                type="matrix"
                values="0 0 0 0 0 0 0 0 0 0 0 0 0 0 0 0 0 0 127 0"
              />
              <feoffset
                data-v-dc035224=""
                dy="2"
              />
              <fegaussianblur
                data-v-dc035224=""
                stdDeviation="2.5"
              />
              <fecomposite
                data-v-dc035224=""
                in2="hardAlpha"
                k2="-1"
                k3="1"
                operator="arithmetic"
              />
              <fecolormatrix
                data-v-dc035224=""
                type="matrix"
                values="0 0 0 0 0 0 0 0 0 0 0 0 0 0 0 0 0 0 0.25 0"
              />
              <feblend
                data-v-dc035224=""
                in2="shape"
                mode="normal"
                result="effect1_innerShadow_1513_6640"
              />
            </filter>
            <filter
              color-interpolation-filters="sRGB"
              data-v-dc035224=""
              filterUnits="userSpaceOnUse"
              height="149"
              id="filter1_i_1513_6640"
              width="147"
              x="792.818"
              y="785.545"
            >
              <feflood
                data-v-dc035224=""
                flood-opacity="0"
                result="BackgroundImageFix"
              />
              <feblend
                data-v-dc035224=""
                in="SourceGraphic"
                in2="BackgroundImageFix"
                mode="normal"
                result="shape"
              />
              <fecolormatrix
                data-v-dc035224=""
                in="SourceAlpha"
                result="hardAlpha"
                type="matrix"
                values="0 0 0 0 0 0 0 0 0 0 0 0 0 0 0 0 0 0 127 0"
              />
              <feoffset
                data-v-dc035224=""
                dy="2"
              />
              <fegaussianblur
                data-v-dc035224=""
                stdDeviation="2.5"
              />
              <fecomposite
                data-v-dc035224=""
                in2="hardAlpha"
                k2="-1"
                k3="1"
                operator="arithmetic"
              />
              <fecolormatrix
                data-v-dc035224=""
                type="matrix"
                values="0 0 0 0 0 0 0 0 0 0 0 0 0 0 0 0 0 0 0.25 0"
              />
              <feblend
                data-v-dc035224=""
                in2="shape"
                mode="normal"
                result="effect1_innerShadow_1513_6640"
              />
            </filter>
            <filter
              color-interpolation-filters="sRGB"
              data-v-dc035224=""
              filterUnits="userSpaceOnUse"
              height="121.991"
              id="filter2_i_1513_6640"
              width="119.991"
              x="806.141"
              y="799.159"
            >
              <feflood
                data-v-dc035224=""
                flood-opacity="0"
                result="BackgroundImageFix"
              />
              <feblend
                data-v-dc035224=""
                in="SourceGraphic"
                in2="BackgroundImageFix"
                mode="normal"
                result="shape"
              />
              <fecolormatrix
                data-v-dc035224=""
                in="SourceAlpha"
                result="hardAlpha"
                type="matrix"
                values="0 0 0 0 0 0 0 0 0 0 0 0 0 0 0 0 0 0 127 0"
              />
              <feoffset
                data-v-dc035224=""
                dy="2"
              />
              <fegaussianblur
                data-v-dc035224=""
                stdDeviation="2.5"
              />
              <fecomposite
                data-v-dc035224=""
                in2="hardAlpha"
                k2="-1"
                k3="1"
                operator="arithmetic"
              />
              <fecolormatrix
                data-v-dc035224=""
                type="matrix"
                values="0 0 0 0 0 0 0 0 0 0 0 0 0 0 0 0 0 0 0.25 0"
              />
              <feblend
                data-v-dc035224=""
                in2="shape"
                mode="normal"
                result="effect1_innerShadow_1513_6640"
              />
            </filter>
            <filter
              color-interpolation-filters="sRGB"
              data-v-dc035224=""
              filterUnits="userSpaceOnUse"
              height="1718"
              id="filter3_df_1513_6640"
              width="1736"
              x="-2"
              y="0.36377"
            >
              <feflood
                data-v-dc035224=""
                flood-opacity="0"
                result="BackgroundImageFix"
              />
              <fecolormatrix
                data-v-dc035224=""
                in="SourceAlpha"
                result="hardAlpha"
                type="matrix"
                values="0 0 0 0 0 0 0 0 0 0 0 0 0 0 0 0 0 0 127 0"
              />
              <feoffset
                data-v-dc035224=""
                dy="4"
              />
              <fegaussianblur
                data-v-dc035224=""
                stdDeviation="2"
              />
              <fecomposite
                data-v-dc035224=""
                in2="hardAlpha"
                operator="out"
              />
              <fecolormatrix
                data-v-dc035224=""
                type="matrix"
                values="0 0 0 0 0 0 0 0 0 0 0 0 0 0 0 0 0 0 0.25 0"
              />
              <feblend
                data-v-dc035224=""
                in2="BackgroundImageFix"
                mode="normal"
                result="effect1_dropShadow_1513_6640"
              />
              <feblend
                data-v-dc035224=""
                in="SourceGraphic"
                in2="effect1_dropShadow_1513_6640"
                mode="normal"
                result="shape"
              />
              <fegaussianblur
                data-v-dc035224=""
                result="effect2_foregroundBlur_1513_6640"
                stdDeviation="25"
              />
            </filter>
            <lineargradient
              data-v-dc035224=""
              gradientUnits="userSpaceOnUse"
              id="paint0_linear_1513_6640"
              x1="973.763"
              x2="767.395"
              y1="791.929"
              y2="936.983"
            >
              <stop
                data-v-dc035224=""
                offset="0.0149795"
                stop-color="#2CA5B1"
              />
              <stop
                data-v-dc035224=""
                offset="1"
                stop-color="#999999"
              />
            </lineargradient>
            <lineargradient
              data-v-dc035224=""
              gradientUnits="userSpaceOnUse"
              id="paint1_linear_1513_6640"
              x1="811.919"
              x2="928.938"
              y1="772.006"
              y2="939.073"
            >
              <stop
                data-v-dc035224=""
                offset="0.0149795"
                stop-color="#2CA5B1"
              />
              <stop
                data-v-dc035224=""
                offset="1"
                stop-color="#999999"
              />
            </lineargradient>
            <lineargradient
              data-v-dc035224=""
              gradientUnits="userSpaceOnUse"
              id="paint2_linear_1513_6640"
              x1="821.732"
              x2="917.251"
              y1="788.108"
              y2="924.479"
            >
              <stop
                data-v-dc035224=""
                offset="0.0149795"
                stop-color="#2CA5B1"
              />
              <stop
                data-v-dc035224=""
                offset="1"
                stop-color="#999999"
              />
            </lineargradient>
            <lineargradient
              data-v-dc035224=""
              gradientUnits="userSpaceOnUse"
              id="paint3_linear_1513_6640"
              x1="880.448"
              x2="850.155"
              y1="884.434"
              y2="830.742"
            >
              <stop
                data-v-dc035224=""
                offset="0.1721"
                stop-color="#2CA5B1"
              />
              <stop
                data-v-dc035224=""
                offset="0.804"
                stop-color="#F09630"
              />
            </lineargradient>
            <lineargradient
              data-v-dc035224=""
              gradientUnits="userSpaceOnUse"
              id="paint4_linear_1513_6640"
              x1="870"
              x2="852"
              y1="853.864"
              y2="853.864"
            >
              <stop
                data-v-dc035224=""
                stop-color="white"
                stop-opacity="0"
              />
              <stop
                data-v-dc035224=""
                offset="0.0405"
                stop-color="#EEEFF0"
                stop-opacity="0.0405"
              />
              <stop
                data-v-dc035224=""
                offset="0.1632"
                stop-color="#BFC3C7"
                stop-opacity="0.1632"
              />
              <stop
                data-v-dc035224=""
                offset="0.29"
                stop-color="#979DA3"
                stop-opacity="0.29"
              />
              <stop
                data-v-dc035224=""
                offset="0.4195"
                stop-color="#777E86"
                stop-opacity="0.4195"
              />
              <stop
                data-v-dc035224=""
                offset="0.5522"
                stop-color="#5D6670"
                stop-opacity="0.5522"
              />
              <stop
                data-v-dc035224=""
                offset="0.6896"
                stop-color="#4B5460"
                stop-opacity="0.6896"
              />
              <stop
                data-v-dc035224=""
                offset="0.8346"
                stop-color="#404A56"
                stop-opacity="0.8346"
              />
              <stop
                data-v-dc035224=""
                offset="1"
                stop-color="#3D4753"
              />
            </lineargradient>
            <lineargradient
              data-v-dc035224=""
              gradientUnits="userSpaceOnUse"
              id="paint5_linear_1513_6640"
              x1="870.407"
              x2="852"
              y1="871.304"
              y2="871.304"
            >
              <stop
                data-v-dc035224=""
                stop-color="white"
                stop-opacity="0"
              />
              <stop
                data-v-dc035224=""
                offset="0.0405"
                stop-color="#EEEFF0"
                stop-opacity="0.0405"
              />
              <stop
                data-v-dc035224=""
                offset="0.1632"
                stop-color="#BFC3C7"
                stop-opacity="0.1632"
              />
              <stop
                data-v-dc035224=""
                offset="0.29"
                stop-color="#979DA3"
                stop-opacity="0.29"
              />
              <stop
                data-v-dc035224=""
                offset="0.4195"
                stop-color="#777E86"
                stop-opacity="0.4195"
              />
              <stop
                data-v-dc035224=""
                offset="0.5522"
                stop-color="#5D6670"
                stop-opacity="0.5522"
              />
              <stop
                data-v-dc035224=""
                offset="0.6896"
                stop-color="#4B5460"
                stop-opacity="0.6896"
              />
              <stop
                data-v-dc035224=""
                offset="0.8346"
                stop-color="#404A56"
                stop-opacity="0.8346"
              />
              <stop
                data-v-dc035224=""
                offset="1"
                stop-color="#3D4753"
              />
            </lineargradient>
            <clippath
              data-v-dc035224=""
              id="clip0_1513_6640"
            >
              <circle
                cx="866"
                cy="859"
                data-v-dc035224=""
                r="60"
              />
            </clippath>
          </defs>
        </svg>
        <transition-group-stub
          appear="false"
          class="button-list"
          css="true"
          data-v-dc035224=""
          name="fade"
          persisted="false"
          tag="div"
        >
          <!--v-if-->
          <!--v-if-->
          <!--v-if-->
        </transition-group-stub>
      </div>
    </div>
  </div>
</div>
`;
