// Vitest Snapshot v1, https://vitest.dev/guide/snapshot.html

exports[`PageShell > renders 1`] = `
<div
  class="v-application v-theme--light v-layout v-layout--full-height v-locale--is-ltr"
>
  <div
    class="v-application__wrap"
  >
    
    <div
      class="topmenu"
      data-v-5e2a2776=""
    >
      <header
        class="v-toolbar v-toolbar--flat v-toolbar--density-default v-theme--light v-locale--is-ltr v-app-bar"
        data-v-5e2a2776=""
        style="top: 0px; z-index: 1006; transform: translateY(0%); position: fixed; background-color: #f5f5f5; color: #000; caret-color: #000; left: 0px; width: calc(100% - 0px - 0px);"
      >
        <!---->
        
        <div
          class="v-toolbar__content"
          style="height: 64px;"
        >
          <!---->
          <!---->
          
          <div
            class="v-row"
            data-v-5e2a2776=""
          >
            <div
              class="v-col d-flex align-center"
              data-v-5e2a2776=""
            >
              <a
                class="w-100 ml-8"
                data-v-5e2a2776=""
                href="/"
              >
                <div
                  class="v-responsive v-img v-img--booting w-100 logo-medium"
                  data-v-5e2a2776=""
                  data-v-916aa5dc=""
                >
                  <div
                    class="v-responsive__sizer"
                  />
                  
                  
                  <transition-stub
                    appear="true"
                    css="true"
                    name="fade-transition"
                    persisted="false"
                  >
                    <img
                      class="v-img__img v-img__img--contain"
                      src="/src/assets/dreammall-logo.svg"
                      style="display: none;"
                    />
                  </transition-stub>
                  <transition-stub
                    appear="false"
                    css="true"
                    name="fade-transition"
                    persisted="false"
                  >
                    <!---->
                  </transition-stub>
                  <!---->
                  <!---->
                  <!---->
                  
                  
                  <!---->
                </div>
              </a>
            </div>
            <div
              class="v-col d-none d-md-flex align-center justify-center grow"
              data-v-5e2a2776=""
            >
              <!-- TODO same as below: refactor -->
              <a
                class="v-btn v-theme--light v-btn--density-default v-btn--size-default v-btn--variant-plain anchor-link mx-4"
                data-v-1925b644=""
                data-v-5e2a2776=""
                href="/#about"
              >
                
                <span
                  class="v-btn__overlay"
                />
                <span
                  class="v-btn__underlay"
                />
                
                <!---->
                <span
                  class="v-btn__content"
                  data-no-activator=""
                >
                  
                  
                  $t('menu.header.about')
                  
                  
                </span>
                <!---->
                <!---->
              </a>
              <a
                class="v-btn v-theme--light v-btn--density-default v-btn--size-default v-btn--variant-plain anchor-link mx-4"
                data-v-1925b644=""
                data-v-5e2a2776=""
                href="/#products"
              >
                
                <span
                  class="v-btn__overlay"
                />
                <span
                  class="v-btn__underlay"
                />
                
                <!---->
                <span
                  class="v-btn__content"
                  data-no-activator=""
                >
                  
                  
                  $t('menu.header.products')
                  
                  
                </span>
                <!---->
                <!---->
              </a>
              <a
                class="v-btn v-theme--light v-btn--density-default v-btn--size-default v-btn--variant-plain anchor-link mx-4"
                data-v-1925b644=""
                data-v-5e2a2776=""
                href="/#contactname"
              >
                
                <span
                  class="v-btn__overlay"
                />
                <span
                  class="v-btn__underlay"
                />
                
                <!---->
                <span
                  class="v-btn__content"
                  data-no-activator=""
                >
                  
                  
                  $t('menu.header.contact')
                  
                  
                </span>
                <!---->
                <!---->
              </a>
            </div>
            <div
              class="v-col d-flex"
              data-v-5e2a2776=""
            >
              <div
                class="d-flex d-md-none align-center justify-end w-100 mr-8"
                data-v-5e2a2776=""
              >
                <div
                  class="v-responsive v-img v-img--booting mobile-menu-icon w-100"
                  data-v-5e2a2776=""
                >
                  <div
                    class="v-responsive__sizer"
                  />
                  
                  
                  <transition-stub
                    appear="true"
                    css="true"
                    name="fade-transition"
                    persisted="false"
                  >
                    <img
                      class="v-img__img v-img__img--contain"
                      src="/src/assets/img/hamburger_mobile.svg"
                      style="display: none;"
                    />
                  </transition-stub>
                  <transition-stub
                    appear="false"
                    css="true"
                    name="fade-transition"
                    persisted="false"
                  >
                    <!---->
                  </transition-stub>
                  <!---->
                  <!---->
                  <!---->
                  
                  
                  <!---->
                </div>
              </div>
            </div>
          </div>
          
          <!---->
        </div>
        
        
        <transition-stub
          appear="false"
          css="true"
          name="expand-transition"
          persisted="false"
        >
          <!---->
        </transition-stub>
        
      </header>
      
      <nav
        class="v-navigation-drawer v-navigation-drawer--right v-navigation-drawer--temporary v-theme--light v-navigation-drawer--mobile nav-drawer d-flex d-md-none"
        data-v-5e2a2776=""
        style="background-color: #f5f5f5; color: #000; caret-color: #000; right: 0px; z-index: 1004; transform: translateX(110%); position: fixed; height: calc(100% - 64px - 0px); top: 64px; bottom: 0px; width: 256px;"
      >
        <!---->
        <!---->
        <div
          class="v-navigation-drawer__content"
        >
          
          <div
            class="d-flex flex-column py-8"
            data-v-5e2a2776=""
          >
            <!-- TODO same as above: refactor -->
            <a
              class="v-btn v-theme--light v-btn--density-default v-btn--size-default v-btn--variant-plain anchor-link ma-4"
              data-v-1925b644=""
              data-v-5e2a2776=""
              href="/#about"
            >
              
              <span
                class="v-btn__overlay"
              />
              <span
                class="v-btn__underlay"
              />
              
              <!---->
              <span
                class="v-btn__content"
                data-no-activator=""
              >
                
                
                $t('menu.header.about')
                
                
              </span>
              <!---->
              <!---->
            </a>
            <a
              class="v-btn v-theme--light v-btn--density-default v-btn--size-default v-btn--variant-plain anchor-link ma-4"
              data-v-1925b644=""
              data-v-5e2a2776=""
              href="/#products"
            >
              
              <span
                class="v-btn__overlay"
              />
              <span
                class="v-btn__underlay"
              />
              
              <!---->
              <span
                class="v-btn__content"
                data-no-activator=""
              >
                
                
                $t('menu.header.products')
                
                
              </span>
              <!---->
              <!---->
            </a>
            <a
              class="v-btn v-theme--light v-btn--density-default v-btn--size-default v-btn--variant-plain anchor-link ma-4"
              data-v-1925b644=""
              data-v-5e2a2776=""
              href="/#contactname"
            >
              
              <span
                class="v-btn__overlay"
              />
              <span
                class="v-btn__underlay"
              />
              
              <!---->
              <span
                class="v-btn__content"
                data-no-activator=""
              >
                
                
                $t('menu.header.contact')
                
                
              </span>
              <!---->
              <!---->
            </a>
          </div>
          
        </div>
        <!---->
      </nav>
      <transition-stub
        appear="false"
        css="true"
        name="fade-transition"
        persisted="false"
      >
        <!---->
      </transition-stub>
      
    </div>
    
    Page Content
    
    
  </div>
</div>
`;
