// Vitest Snapshot v1, https://vitest.dev/guide/snapshot.html

exports[`AuthPage > signin callback without error > renders 1`] = `
<div
  class="v-application v-theme--light v-layout v-layout--full-height v-locale--is-ltr"
>
  <div
    class="v-application__wrap"
  >
    
    <div
      class="h-screen auth-page py-12"
      data-v-22c0849a=""
    >
      $t('auth.content')
    </div>
    
  </div>
</div>
`;
